  RawNoise.cpp
  SmoothNoise.cpp
  tinyxml2.cpp
  imgui_impl_dx11.cpp
  imgui_impl_win32.cpp
  imgui.cpp
  imgui_demo.cpp
  imgui_draw.cpp
  imgui_tables.cpp
  imgui_widgets.cpp
  AudioSystem.cpp
  Clock.cpp
  DevConsole.cpp
  EngineCommon.cpp
  ErrorWarningAssert.cpp
  EventSystem.cpp
  FileUtils.cpp
  HeatMaps.cpp
  Image.cpp
  JobSystem.cpp
  Compiling...
  NamedStrings.cpp
  ObjLoader.cpp
  ParticleSystem.cpp
  RaycastUtils.cpp
  Rgba8.cpp
  StringUtils.cpp
  Time.cpp
  Timer.cpp
  VertexUtils.cpp
  Vertex_PCU.cpp
  XmlUtils.cpp
  AnalogJoystick.cpp
  InputSystem.cpp
  KeyButtonState.cpp
  XboxController.cpp
  AABB2.cpp
  AABB3.cpp
  Capsule2.cpp
  Capsule3.cpp
  ConvexShape.cpp
  Compiling...
  DoubleAABB3.cpp
  DoubleCapsule3.cpp
  DoubleLineSegment3.cpp
  DoubleMat44.cpp
  DoubleOBB3.cpp
  DoublePlane3.cpp
  DoubleQuaternion.cpp
  DoubleRange.cpp
  DoubleVec2.cpp
  DoubleVec3.cpp
  DoubleVec4.cpp
  EulerAngles.cpp
  FloatRange.cpp
  IntRange.cpp
  IntVec2.cpp
  IntVec3.cpp
  LineSegment2.cpp
  LineSegment3.cpp
  Mat44.cpp
  MathUtils.cpp
  Compiling...
  OBB2.cpp
  OBB3.cpp
  Plane2.cpp
  Plane3.cpp
  Quaternion.cpp
  RandomNumberGenerator.cpp
  Spline.cpp
  Vec2.cpp
  Vec3.cpp
  Vec4.cpp
  NetworkSystem.cpp
  BitmapFont.cpp
  CPUMesh.cpp
  Camera.cpp
  ConstantBuffer.cpp
  DebugRender.cpp
  GPUMesh.cpp
  IndexBuffer.cpp
  Material.cpp
  Renderer.cpp
  Compiling...
  Shader.cpp
  SpriteAnimDefinition.cpp
  SpriteDefinition.cpp
  SpriteSheet.cpp
  Texture.cpp
  VertexBuffer.cpp
  Button.cpp
  Canvas.cpp
  Checkbox.cpp
  Panel.cpp
  Slider.cpp
  Sprite.cpp
  Text.cpp
  UIElement.cpp
  UISystem.cpp
  Window.cpp
  Engine.vcxproj -> D:\p4\Personal\SD\Doomenstein\Temporary\Engine_x64_Release\Engine.lib
