  DevConsole.cpp
  EventSystem.cpp
  ObjLoader.cpp
  RaycastUtils.cpp
  VertexUtils.cpp
  InputSystem.cpp
  MathUtils.cpp
  NetworkSystem.cpp
  BitmapFont.cpp
  CPUMesh.cpp
  Camera.cpp
  ConstantBuffer.cpp
  DebugRender.cpp
  GPUMesh.cpp
  IndexBuffer.cpp
  Material.cpp
  Renderer.cpp
  Shader.cpp
  Texture.cpp
  VertexBuffer.cpp
  Generating Code...
  Compiling...
  Button.cpp
  Canvas.cpp
  Checkbox.cpp
  Panel.cpp
  Slider.cpp
  Text.cpp
  UIElement.cpp
  UISystem.cpp
  Generating Code...
  Engine.vcxproj -> D:\p4\Personal\SD\Doomenstein\Temporary\Engine_x64_Debug\Engine.lib
